Não foi possível adicionar modelo 3D para C8.
Arquivo não encontrado: ${KICAD10_3DMODEL_DIR}/Capacitor_SMD.3dshapes/C_0402_1005Metric.step
Não foi possível adicionar modelo 3D para C6.
Arquivo não encontrado: ${KICAD10_3DMODEL_DIR}/Capacitor_SMD.3dshapes/C_0402_1005Metric.step
Não foi possível adicionar modelo 3D para C4.
Arquivo não encontrado: ${KICAD10_3DMODEL_DIR}/Capacitor_SMD.3dshapes/C_0402_1005Metric.step
Não foi possível adicionar modelo 3D para R1.
Arquivo não encontrado: ${KICAD10_3DMODEL_DIR}/Resistor_SMD.3dshapes/R_0402_1005Metric.step
Não foi possível adicionar modelo 3D para C3.
Arquivo não encontrado: ${KICAD10_3DMODEL_DIR}/Capacitor_SMD.3dshapes/C_0402_1005Metric.step
Não foi possível adicionar modelo 3D para C5.
Arquivo não encontrado: ${KICAD10_3DMODEL_DIR}/Capacitor_SMD.3dshapes/C_0402_1005Metric.step
Não foi possível adicionar modelo 3D para C1.
Arquivo não encontrado: ${KICAD10_3DMODEL_DIR}/Capacitor_SMD.3dshapes/C_0402_1005Metric.step
Não foi possível adicionar modelo 3D para U1.
Arquivo não encontrado: ${KICAD10_3DMODEL_DIR}/Package_DFN_QFN.3dshapes/QFN-32-1EP_5x5mm_P0.5mm_EP3.6x3.6mm.step
Não foi possível adicionar modelo 3D para ANT1.
Arquivo não encontrado: ${KICAD10_3DMODEL_DIR}/RF_Antenna.3dshapes/Johanson_2450AT18x100.step
Não foi possível adicionar modelo 3D para L3.
Arquivo não encontrado: ${KICAD10_3DMODEL_DIR}/Inductor_SMD.3dshapes/L_0402_1005Metric.step
Não foi possível adicionar modelo 3D para C10.
Arquivo não encontrado: ${KICAD10_3DMODEL_DIR}/Capacitor_SMD.3dshapes/C_0603_1608Metric.step
Não foi possível adicionar modelo 3D para C2.
Arquivo não encontrado: ${KICAD10_3DMODEL_DIR}/Capacitor_SMD.3dshapes/C_0402_1005Metric.step
Não foi possível adicionar modelo 3D para C9.
Arquivo não encontrado: ${KICAD10_3DMODEL_DIR}/Capacitor_SMD.3dshapes/C_0603_1608Metric.step
Não foi possível adicionar modelo 3D para C7.
Arquivo não encontrado: ${KICAD10_3DMODEL_DIR}/Capacitor_SMD.3dshapes/C_0402_1005Metric.step
Não foi possível adicionar modelo 3D para L2.
Arquivo não encontrado: ${KICAD10_3DMODEL_DIR}/Inductor_SMD.3dshapes/L_0603_1608Metric.step
Não foi possível adicionar modelo 3D para L1.
Arquivo não encontrado: ${KICAD10_3DMODEL_DIR}/Inductor_SMD.3dshapes/L_0402_1005Metric.step
Não foi possível adicionar modelo 3D para X1.
Arquivo não encontrado: ${KICAD10_3DMODEL_DIR}/Crystal.3dshapes/Crystal_SMD_2016-4Pin_2.0x1.6mm.step
STEP file 'exports/wristband_discreto_layout.step' created.

Tempo de exportação 0.030 s
